// Jest Snapshot v1, https://goo.gl/fbAQLP

exports[`should render unordered list of pokemon 1`] = `
<div>
  <section
    aria-label="pokemonList"
    class="pokemonList"
  >
    <div
      aria-label="pokemon"
    >
      <figure
        aria-label="pokemonFigure"
        class="pokemonFigure"
      >
        <h2 />
        <img
          aria-label="pokemonName"
        />
        <h3 />
        <ul>
          <li>
            Primary type:
          </li>
          <li>
            Secondary type:
          </li>
          <li>
            abilitiy:
          </li>
          <li>
            ability:
          </li>
        </ul>
      </figure>
    </div>
    <div
      aria-label="pokemon"
    >
      <figure
        aria-label="pokemonFigure"
        class="pokemonFigure"
      >
        <h2 />
        <img
          aria-label="pokemonName"
        />
        <h3 />
        <ul>
          <li>
            Primary type:
          </li>
          <li>
            Secondary type:
          </li>
          <li>
            abilitiy:
          </li>
          <li>
            ability:
          </li>
        </ul>
      </figure>
    </div>
  </section>
</div>
`;
