// Jest Snapshot v1, https://goo.gl/fbAQLP

exports[`should render input field and button for search 1`] = `
<div>
  <form
    aria-label="searchForm"
    class="searchForm"
  >
    <h3>
      Search
    </h3>
    <div
      class="inputDiv"
    >
      <label
        class="searchLabel"
        for="search"
      >
        Name:
      </label>
      <input
        aria-label="inputField"
        class="searchInput"
        type="text"
        value=""
      />
    </div>
    <button
      aria-label="button"
    >
      Submit
    </button>
  </form>
</div>
`;
